nohup: ignoring input
Waiting for task 4 to finish (Ctrl+C to stop waiting)...
Task 4 finished: done
Waiting for task 5 to finish (Ctrl+C to stop waiting)...
Task 5 finished: done
Waiting for task 6 to finish (Ctrl+C to stop waiting)...
Task 6 finished: done
Waiting for task 7 to finish (Ctrl+C to stop waiting)...
Task 7 finished: done
Waiting for task 8 to finish (Ctrl+C to stop waiting)...
Task 8 finished: done
Waiting for task 9 to finish (Ctrl+C to stop waiting)...
Task 9 finished: done
Waiting for task 10 to finish (Ctrl+C to stop waiting)...
Task 10 finished: done
Waiting for task 11 to finish (Ctrl+C to stop waiting)...
Task 11 finished: done
Waiting for task 12 to finish (Ctrl+C to stop waiting)...
Task 12 finished: done
Waiting for task 13 to finish (Ctrl+C to stop waiting)...
Task 13 finished: done
Waiting for task 14 to finish (Ctrl+C to stop waiting)...
Task 14 finished: done
Waiting for task 15 to finish (Ctrl+C to stop waiting)...
Task 15 finished: done
Waiting for task 16 to finish (Ctrl+C to stop waiting)...
Task 16 finished: done
Waiting for task 17 to finish (Ctrl+C to stop waiting)...
Task 17 finished: done
Waiting for task 18 to finish (Ctrl+C to stop waiting)...
Task 18 finished: done
Waiting for task 19 to finish (Ctrl+C to stop waiting)...
Task 19 finished: done
Waiting for task 20 to finish (Ctrl+C to stop waiting)...
Task 20 finished: done
Waiting for task 21 to finish (Ctrl+C to stop waiting)...
Task 21 finished: done
Waiting for task 22 to finish (Ctrl+C to stop waiting)...
Task 22 finished: done
Waiting for task 23 to finish (Ctrl+C to stop waiting)...
Task 23 finished: done
Waiting for task 24 to finish (Ctrl+C to stop waiting)...
Task 24 finished: done
Waiting for task 25 to finish (Ctrl+C to stop waiting)...
Task 25 finished: done
Waiting for task 26 to finish (Ctrl+C to stop waiting)...
Task 26 finished: done
Waiting for task 27 to finish (Ctrl+C to stop waiting)...
Task 27 finished: done
Waiting for task 28 to finish (Ctrl+C to stop waiting)...
Task 28 finished: done
Waiting for task 29 to finish (Ctrl+C to stop waiting)...
Task 29 finished: done
Waiting for task 30 to finish (Ctrl+C to stop waiting)...
Task 30 finished: done
Waiting for task 31 to finish (Ctrl+C to stop waiting)...
Task 31 finished: done
Waiting for task 32 to finish (Ctrl+C to stop waiting)...
Task 32 finished: done
Waiting for task 33 to finish (Ctrl+C to stop waiting)...
Task 33 finished: done
Waiting for task 34 to finish (Ctrl+C to stop waiting)...
Task 34 finished: done
Waiting for task 35 to finish (Ctrl+C to stop waiting)...
Task 35 finished: done
Waiting for task 36 to finish (Ctrl+C to stop waiting)...
Task 36 finished: done
Waiting for task 37 to finish (Ctrl+C to stop waiting)...
Task 37 finished: done
Waiting for task 38 to finish (Ctrl+C to stop waiting)...
Task 38 finished: done
Waiting for task 39 to finish (Ctrl+C to stop waiting)...
Task 39 finished: done
Waiting for task 40 to finish (Ctrl+C to stop waiting)...
Task 40 finished: done
Waiting for task 41 to finish (Ctrl+C to stop waiting)...
Task 41 finished: done
Waiting for task 42 to finish (Ctrl+C to stop waiting)...
Task 42 finished: done
Waiting for task 43 to finish (Ctrl+C to stop waiting)...
Task 43 finished: done
Waiting for task 44 to finish (Ctrl+C to stop waiting)...
Task 44 finished: done
Waiting for task 45 to finish (Ctrl+C to stop waiting)...
Task 45 finished: done
Waiting for task 46 to finish (Ctrl+C to stop waiting)...
Task 46 finished: done
Waiting for task 47 to finish (Ctrl+C to stop waiting)...
Task 47 finished: done
Waiting for task 48 to finish (Ctrl+C to stop waiting)...
Task 48 finished: done
Waiting for task 49 to finish (Ctrl+C to stop waiting)...
Task 49 finished: done
Waiting for task 50 to finish (Ctrl+C to stop waiting)...
Task 50 finished: done
Waiting for task 51 to finish (Ctrl+C to stop waiting)...
Task 51 finished: done
Waiting for task 52 to finish (Ctrl+C to stop waiting)...
Task 52 finished: done
Waiting for task 53 to finish (Ctrl+C to stop waiting)...
Task 53 finished: done
Waiting for task 54 to finish (Ctrl+C to stop waiting)...
Task 54 finished: done
Waiting for task 55 to finish (Ctrl+C to stop waiting)...
Task 55 finished: done
Waiting for task 56 to finish (Ctrl+C to stop waiting)...
Task 56 finished: done
Waiting for task 57 to finish (Ctrl+C to stop waiting)...
Task 57 finished: done
Waiting for task 58 to finish (Ctrl+C to stop waiting)...
Task 58 finished: done
Waiting for task 59 to finish (Ctrl+C to stop waiting)...
Task 59 finished: done
Waiting for task 60 to finish (Ctrl+C to stop waiting)...
Task 60 finished: done
Waiting for task 61 to finish (Ctrl+C to stop waiting)...
Task 61 finished: done
Waiting for task 62 to finish (Ctrl+C to stop waiting)...
Task 62 finished: done
Waiting for task 63 to finish (Ctrl+C to stop waiting)...
Task 63 finished: done
Waiting for task 64 to finish (Ctrl+C to stop waiting)...
Task 64 finished: done
Waiting for task 65 to finish (Ctrl+C to stop waiting)...
Task 65 finished: done
Waiting for task 66 to finish (Ctrl+C to stop waiting)...
Task 66 finished: done
Waiting for task 67 to finish (Ctrl+C to stop waiting)...
Task 67 finished: done
Waiting for task 68 to finish (Ctrl+C to stop waiting)...
Task 68 finished: done
Waiting for task 69 to finish (Ctrl+C to stop waiting)...
Task 69 finished: done
Waiting for task 70 to finish (Ctrl+C to stop waiting)...
Task 70 finished: done
Waiting for task 71 to finish (Ctrl+C to stop waiting)...
Task 71 finished: done
Waiting for task 72 to finish (Ctrl+C to stop waiting)...
Task 72 finished: done
Waiting for task 73 to finish (Ctrl+C to stop waiting)...
Task 73 finished: done
Waiting for task 74 to finish (Ctrl+C to stop waiting)...
Task 74 finished: done
Waiting for task 75 to finish (Ctrl+C to stop waiting)...
Task 75 finished: done
Waiting for task 76 to finish (Ctrl+C to stop waiting)...
Task 76 finished: done
Waiting for task 77 to finish (Ctrl+C to stop waiting)...
Task 77 finished: done
Waiting for task 78 to finish (Ctrl+C to stop waiting)...
Task 78 finished: done
Waiting for task 79 to finish (Ctrl+C to stop waiting)...
Task 79 finished: done
Waiting for task 80 to finish (Ctrl+C to stop waiting)...
Task 80 finished: done
Waiting for task 81 to finish (Ctrl+C to stop waiting)...
Task 81 finished: done
Waiting for task 82 to finish (Ctrl+C to stop waiting)...
Task 82 finished: done
Waiting for task 83 to finish (Ctrl+C to stop waiting)...
Task 83 finished: done
Waiting for task 84 to finish (Ctrl+C to stop waiting)...
Task 84 finished: done
Waiting for task 85 to finish (Ctrl+C to stop waiting)...
Task 85 finished: done
Waiting for task 86 to finish (Ctrl+C to stop waiting)...
Task 86 finished: done
Waiting for task 87 to finish (Ctrl+C to stop waiting)...
Task 87 finished: done
Waiting for task 88 to finish (Ctrl+C to stop waiting)...
Task 88 finished: done
Waiting for task 89 to finish (Ctrl+C to stop waiting)...
Task 89 finished: done
Waiting for task 90 to finish (Ctrl+C to stop waiting)...
Task 90 finished: done
Waiting for task 91 to finish (Ctrl+C to stop waiting)...
Task 91 finished: done
Waiting for task 92 to finish (Ctrl+C to stop waiting)...
Task 92 finished: done
Waiting for task 93 to finish (Ctrl+C to stop waiting)...
Task 93 finished: done
Submitting baseline s1: python3 train.py config/train_babylm.py --init_from=scratch --out_dir=out-babylm-s1 --manual_seed=1
  → task 4
Submitting self-play s1: python3 train_selfplay.py config/train_selfplay_babylm.py --init_from=scratch --out_dir=out-babylm-selfplay-s1 --manual_seed=1
  → task 5
Submitting baseline s2: python3 train.py config/train_babylm.py --init_from=scratch --out_dir=out-babylm-s2 --manual_seed=2
  → task 6
Submitting self-play s2: python3 train_selfplay.py config/train_selfplay_babylm.py --init_from=scratch --out_dir=out-babylm-selfplay-s2 --manual_seed=2
  → task 7
Submitting baseline s3: python3 train.py config/train_babylm.py --init_from=scratch --out_dir=out-babylm-s3 --manual_seed=3
  → task 8
Submitting self-play s3: python3 train_selfplay.py config/train_selfplay_babylm.py --init_from=scratch --out_dir=out-babylm-selfplay-s3 --manual_seed=3
  → task 9
Submitting baseline s4: python3 train.py config/train_babylm.py --init_from=scratch --out_dir=out-babylm-s4 --manual_seed=4
  → task 10
Submitting self-play s4: python3 train_selfplay.py config/train_selfplay_babylm.py --init_from=scratch --out_dir=out-babylm-selfplay-s4 --manual_seed=4
  → task 11
Submitting baseline s5: python3 train.py config/train_babylm.py --init_from=scratch --out_dir=out-babylm-s5 --manual_seed=5
  → task 12
Submitting self-play s5: python3 train_selfplay.py config/train_selfplay_babylm.py --init_from=scratch --out_dir=out-babylm-selfplay-s5 --manual_seed=5
  → task 13
Submitting baseline s6: python3 train.py config/train_babylm.py --init_from=scratch --out_dir=out-babylm-s6 --manual_seed=6
  → task 14
Submitting self-play s6: python3 train_selfplay.py config/train_selfplay_babylm.py --init_from=scratch --out_dir=out-babylm-selfplay-s6 --manual_seed=6
  → task 15
Submitting baseline s7: python3 train.py config/train_babylm.py --init_from=scratch --out_dir=out-babylm-s7 --manual_seed=7
  → task 16
Submitting self-play s7: python3 train_selfplay.py config/train_selfplay_babylm.py --init_from=scratch --out_dir=out-babylm-selfplay-s7 --manual_seed=7
  → task 17
Submitting baseline s8: python3 train.py config/train_babylm.py --init_from=scratch --out_dir=out-babylm-s8 --manual_seed=8
  → task 18
Submitting self-play s8: python3 train_selfplay.py config/train_selfplay_babylm.py --init_from=scratch --out_dir=out-babylm-selfplay-s8 --manual_seed=8
  → task 19
Submitting baseline s9: python3 train.py config/train_babylm.py --init_from=scratch --out_dir=out-babylm-s9 --manual_seed=9
  → task 20
Submitting self-play s9: python3 train_selfplay.py config/train_selfplay_babylm.py --init_from=scratch --out_dir=out-babylm-selfplay-s9 --manual_seed=9
  → task 21
Submitting baseline s10: python3 train.py config/train_babylm.py --init_from=scratch --out_dir=out-babylm-s10 --manual_seed=10
  → task 22
Submitting self-play s10: python3 train_selfplay.py config/train_selfplay_babylm.py --init_from=scratch --out_dir=out-babylm-selfplay-s10 --manual_seed=10
  → task 23
Submitting baseline s11: python3 train.py config/train_babylm.py --init_from=scratch --out_dir=out-babylm-s11 --manual_seed=11
  → task 24
Submitting self-play s11: python3 train_selfplay.py config/train_selfplay_babylm.py --init_from=scratch --out_dir=out-babylm-selfplay-s11 --manual_seed=11
  → task 25
Submitting baseline s12: python3 train.py config/train_babylm.py --init_from=scratch --out_dir=out-babylm-s12 --manual_seed=12
  → task 26
Submitting self-play s12: python3 train_selfplay.py config/train_selfplay_babylm.py --init_from=scratch --out_dir=out-babylm-selfplay-s12 --manual_seed=12
  → task 27
Submitting baseline s13: python3 train.py config/train_babylm.py --init_from=scratch --out_dir=out-babylm-s13 --manual_seed=13
  → task 28
Submitting self-play s13: python3 train_selfplay.py config/train_selfplay_babylm.py --init_from=scratch --out_dir=out-babylm-selfplay-s13 --manual_seed=13
  → task 29
Submitting baseline s14: python3 train.py config/train_babylm.py --init_from=scratch --out_dir=out-babylm-s14 --manual_seed=14
  → task 30
Submitting self-play s14: python3 train_selfplay.py config/train_selfplay_babylm.py --init_from=scratch --out_dir=out-babylm-selfplay-s14 --manual_seed=14
  → task 31
Submitting baseline s15: python3 train.py config/train_babylm.py --init_from=scratch --out_dir=out-babylm-s15 --manual_seed=15
  → task 32
Submitting self-play s15: python3 train_selfplay.py config/train_selfplay_babylm.py --init_from=scratch --out_dir=out-babylm-selfplay-s15 --manual_seed=15
  → task 33
Submitting baseline s16: python3 train.py config/train_babylm.py --init_from=scratch --out_dir=out-babylm-s16 --manual_seed=16
  → task 34
Submitting self-play s16: python3 train_selfplay.py config/train_selfplay_babylm.py --init_from=scratch --out_dir=out-babylm-selfplay-s16 --manual_seed=16
  → task 35
Submitting baseline s17: python3 train.py config/train_babylm.py --init_from=scratch --out_dir=out-babylm-s17 --manual_seed=17
  → task 36
Submitting self-play s17: python3 train_selfplay.py config/train_selfplay_babylm.py --init_from=scratch --out_dir=out-babylm-selfplay-s17 --manual_seed=17
  → task 37
Submitting baseline s18: python3 train.py config/train_babylm.py --init_from=scratch --out_dir=out-babylm-s18 --manual_seed=18
  → task 38
Submitting self-play s18: python3 train_selfplay.py config/train_selfplay_babylm.py --init_from=scratch --out_dir=out-babylm-selfplay-s18 --manual_seed=18
  → task 39
Submitting baseline s19: python3 train.py config/train_babylm.py --init_from=scratch --out_dir=out-babylm-s19 --manual_seed=19
  → task 40
Submitting self-play s19: python3 train_selfplay.py config/train_selfplay_babylm.py --init_from=scratch --out_dir=out-babylm-selfplay-s19 --manual_seed=19
  → task 41
Submitting baseline s20: python3 train.py config/train_babylm.py --init_from=scratch --out_dir=out-babylm-s20 --manual_seed=20
  → task 42
Submitting self-play s20: python3 train_selfplay.py config/train_selfplay_babylm.py --init_from=scratch --out_dir=out-babylm-selfplay-s20 --manual_seed=20
  → task 43
Submitting baseline s21: python3 train.py config/train_babylm.py --init_from=scratch --out_dir=out-babylm-s21 --manual_seed=21
  → task 44
Submitting self-play s21: python3 train_selfplay.py config/train_selfplay_babylm.py --init_from=scratch --out_dir=out-babylm-selfplay-s21 --manual_seed=21
  → task 45
Submitting baseline s22: python3 train.py config/train_babylm.py --init_from=scratch --out_dir=out-babylm-s22 --manual_seed=22
  → task 46
Submitting self-play s22: python3 train_selfplay.py config/train_selfplay_babylm.py --init_from=scratch --out_dir=out-babylm-selfplay-s22 --manual_seed=22
  → task 47
Submitting baseline s23: python3 train.py config/train_babylm.py --init_from=scratch --out_dir=out-babylm-s23 --manual_seed=23
  → task 48
Submitting self-play s23: python3 train_selfplay.py config/train_selfplay_babylm.py --init_from=scratch --out_dir=out-babylm-selfplay-s23 --manual_seed=23
  → task 49
Submitting baseline s24: python3 train.py config/train_babylm.py --init_from=scratch --out_dir=out-babylm-s24 --manual_seed=24
  → task 50
Submitting self-play s24: python3 train_selfplay.py config/train_selfplay_babylm.py --init_from=scratch --out_dir=out-babylm-selfplay-s24 --manual_seed=24
  → task 51
Submitting baseline s25: python3 train.py config/train_babylm.py --init_from=scratch --out_dir=out-babylm-s25 --manual_seed=25
  → task 52
Submitting self-play s25: python3 train_selfplay.py config/train_selfplay_babylm.py --init_from=scratch --out_dir=out-babylm-selfplay-s25 --manual_seed=25
  → task 53
Submitting baseline s26: python3 train.py config/train_babylm.py --init_from=scratch --out_dir=out-babylm-s26 --manual_seed=26
  → task 54
Submitting self-play s26: python3 train_selfplay.py config/train_selfplay_babylm.py --init_from=scratch --out_dir=out-babylm-selfplay-s26 --manual_seed=26
  → task 55
Submitting baseline s27: python3 train.py config/train_babylm.py --init_from=scratch --out_dir=out-babylm-s27 --manual_seed=27
  → task 56
Submitting self-play s27: python3 train_selfplay.py config/train_selfplay_babylm.py --init_from=scratch --out_dir=out-babylm-selfplay-s27 --manual_seed=27
  → task 57
Submitting baseline s28: python3 train.py config/train_babylm.py --init_from=scratch --out_dir=out-babylm-s28 --manual_seed=28
  → task 58
Submitting self-play s28: python3 train_selfplay.py config/train_selfplay_babylm.py --init_from=scratch --out_dir=out-babylm-selfplay-s28 --manual_seed=28
  → task 59
Submitting baseline s29: python3 train.py config/train_babylm.py --init_from=scratch --out_dir=out-babylm-s29 --manual_seed=29
  → task 60
Submitting self-play s29: python3 train_selfplay.py config/train_selfplay_babylm.py --init_from=scratch --out_dir=out-babylm-selfplay-s29 --manual_seed=29
  → task 61
Submitting baseline s30: python3 train.py config/train_babylm.py --init_from=scratch --out_dir=out-babylm-s30 --manual_seed=30
  → task 62
Submitting self-play s30: python3 train_selfplay.py config/train_selfplay_babylm.py --init_from=scratch --out_dir=out-babylm-selfplay-s30 --manual_seed=30
  → task 63
Waiting for task 4 (baseline s1)...
Waiting for task 5 (self-play s1)...
Waiting for task 6 (baseline s2)...
Waiting for task 7 (self-play s2)...
Waiting for task 8 (baseline s3)...
Waiting for task 9 (self-play s3)...
Waiting for task 10 (baseline s4)...
Waiting for task 11 (self-play s4)...
Waiting for task 12 (baseline s5)...
Waiting for task 13 (self-play s5)...
Waiting for task 14 (baseline s6)...
Waiting for task 15 (self-play s6)...
Waiting for task 16 (baseline s7)...
Waiting for task 17 (self-play s7)...
Waiting for task 18 (baseline s8)...
Waiting for task 19 (self-play s8)...
Waiting for task 20 (baseline s9)...
Waiting for task 21 (self-play s9)...
Waiting for task 22 (baseline s10)...
Waiting for task 23 (self-play s10)...
Waiting for task 24 (baseline s11)...
Waiting for task 25 (self-play s11)...
Waiting for task 26 (baseline s12)...
Waiting for task 27 (self-play s12)...
Waiting for task 28 (baseline s13)...
Waiting for task 29 (self-play s13)...
Waiting for task 30 (baseline s14)...
Waiting for task 31 (self-play s14)...
Waiting for task 32 (baseline s15)...
Waiting for task 33 (self-play s15)...
Waiting for task 34 (baseline s16)...
Waiting for task 35 (self-play s16)...
Waiting for task 36 (baseline s17)...
Waiting for task 37 (self-play s17)...
Waiting for task 38 (baseline s18)...
Waiting for task 39 (self-play s18)...
Waiting for task 40 (baseline s19)...
Waiting for task 41 (self-play s19)...
Waiting for task 42 (baseline s20)...
Waiting for task 43 (self-play s20)...
Waiting for task 44 (baseline s21)...
Waiting for task 45 (self-play s21)...
Waiting for task 46 (baseline s22)...
Waiting for task 47 (self-play s22)...
Waiting for task 48 (baseline s23)...
Waiting for task 49 (self-play s23)...
Waiting for task 50 (baseline s24)...
Waiting for task 51 (self-play s24)...
Waiting for task 52 (baseline s25)...
Waiting for task 53 (self-play s25)...
Waiting for task 54 (baseline s26)...
Waiting for task 55 (self-play s26)...
Waiting for task 56 (baseline s27)...
Waiting for task 57 (self-play s27)...
Waiting for task 58 (baseline s28)...
Waiting for task 59 (self-play s28)...
Waiting for task 60 (baseline s29)...
Waiting for task 61 (self-play s29)...
Waiting for task 62 (baseline s30)...
Waiting for task 63 (self-play s30)...

All 60 training jobs complete.

Plotting loss curves...
Aggregated loss curves saved to loss_curves.png  (n=30 seeds)

Submitting eval s1: python3 eval.py --baseline_dir=out-babylm-s1 --selfplay_dir=out-babylm-selfplay-s1 --eval_iters=200 --device=cuda
  → task 64
Submitting eval s2: python3 eval.py --baseline_dir=out-babylm-s2 --selfplay_dir=out-babylm-selfplay-s2 --eval_iters=200 --device=cuda
  → task 65
Submitting eval s3: python3 eval.py --baseline_dir=out-babylm-s3 --selfplay_dir=out-babylm-selfplay-s3 --eval_iters=200 --device=cuda
  → task 66
Submitting eval s4: python3 eval.py --baseline_dir=out-babylm-s4 --selfplay_dir=out-babylm-selfplay-s4 --eval_iters=200 --device=cuda
  → task 67
Submitting eval s5: python3 eval.py --baseline_dir=out-babylm-s5 --selfplay_dir=out-babylm-selfplay-s5 --eval_iters=200 --device=cuda
  → task 68
Submitting eval s6: python3 eval.py --baseline_dir=out-babylm-s6 --selfplay_dir=out-babylm-selfplay-s6 --eval_iters=200 --device=cuda
  → task 69
Submitting eval s7: python3 eval.py --baseline_dir=out-babylm-s7 --selfplay_dir=out-babylm-selfplay-s7 --eval_iters=200 --device=cuda
  → task 70
Submitting eval s8: python3 eval.py --baseline_dir=out-babylm-s8 --selfplay_dir=out-babylm-selfplay-s8 --eval_iters=200 --device=cuda
  → task 71
Submitting eval s9: python3 eval.py --baseline_dir=out-babylm-s9 --selfplay_dir=out-babylm-selfplay-s9 --eval_iters=200 --device=cuda
  → task 72
Submitting eval s10: python3 eval.py --baseline_dir=out-babylm-s10 --selfplay_dir=out-babylm-selfplay-s10 --eval_iters=200 --device=cuda
  → task 73
Submitting eval s11: python3 eval.py --baseline_dir=out-babylm-s11 --selfplay_dir=out-babylm-selfplay-s11 --eval_iters=200 --device=cuda
  → task 74
Submitting eval s12: python3 eval.py --baseline_dir=out-babylm-s12 --selfplay_dir=out-babylm-selfplay-s12 --eval_iters=200 --device=cuda
  → task 75
Submitting eval s13: python3 eval.py --baseline_dir=out-babylm-s13 --selfplay_dir=out-babylm-selfplay-s13 --eval_iters=200 --device=cuda
  → task 76
Submitting eval s14: python3 eval.py --baseline_dir=out-babylm-s14 --selfplay_dir=out-babylm-selfplay-s14 --eval_iters=200 --device=cuda
  → task 77
Submitting eval s15: python3 eval.py --baseline_dir=out-babylm-s15 --selfplay_dir=out-babylm-selfplay-s15 --eval_iters=200 --device=cuda
  → task 78
Submitting eval s16: python3 eval.py --baseline_dir=out-babylm-s16 --selfplay_dir=out-babylm-selfplay-s16 --eval_iters=200 --device=cuda
  → task 79
Submitting eval s17: python3 eval.py --baseline_dir=out-babylm-s17 --selfplay_dir=out-babylm-selfplay-s17 --eval_iters=200 --device=cuda
  → task 80
Submitting eval s18: python3 eval.py --baseline_dir=out-babylm-s18 --selfplay_dir=out-babylm-selfplay-s18 --eval_iters=200 --device=cuda
  → task 81
Submitting eval s19: python3 eval.py --baseline_dir=out-babylm-s19 --selfplay_dir=out-babylm-selfplay-s19 --eval_iters=200 --device=cuda
  → task 82
Submitting eval s20: python3 eval.py --baseline_dir=out-babylm-s20 --selfplay_dir=out-babylm-selfplay-s20 --eval_iters=200 --device=cuda
  → task 83
Submitting eval s21: python3 eval.py --baseline_dir=out-babylm-s21 --selfplay_dir=out-babylm-selfplay-s21 --eval_iters=200 --device=cuda
  → task 84
Submitting eval s22: python3 eval.py --baseline_dir=out-babylm-s22 --selfplay_dir=out-babylm-selfplay-s22 --eval_iters=200 --device=cuda
  → task 85
Submitting eval s23: python3 eval.py --baseline_dir=out-babylm-s23 --selfplay_dir=out-babylm-selfplay-s23 --eval_iters=200 --device=cuda
  → task 86
Submitting eval s24: python3 eval.py --baseline_dir=out-babylm-s24 --selfplay_dir=out-babylm-selfplay-s24 --eval_iters=200 --device=cuda
  → task 87
Submitting eval s25: python3 eval.py --baseline_dir=out-babylm-s25 --selfplay_dir=out-babylm-selfplay-s25 --eval_iters=200 --device=cuda
  → task 88
Submitting eval s26: python3 eval.py --baseline_dir=out-babylm-s26 --selfplay_dir=out-babylm-selfplay-s26 --eval_iters=200 --device=cuda
  → task 89
Submitting eval s27: python3 eval.py --baseline_dir=out-babylm-s27 --selfplay_dir=out-babylm-selfplay-s27 --eval_iters=200 --device=cuda
  → task 90
Submitting eval s28: python3 eval.py --baseline_dir=out-babylm-s28 --selfplay_dir=out-babylm-selfplay-s28 --eval_iters=200 --device=cuda
  → task 91
Submitting eval s29: python3 eval.py --baseline_dir=out-babylm-s29 --selfplay_dir=out-babylm-selfplay-s29 --eval_iters=200 --device=cuda
  → task 92
Submitting eval s30: python3 eval.py --baseline_dir=out-babylm-s30 --selfplay_dir=out-babylm-selfplay-s30 --eval_iters=200 --device=cuda
  → task 93
Waiting for task 64 (eval s1)...
Waiting for task 65 (eval s2)...
Waiting for task 66 (eval s3)...
Waiting for task 67 (eval s4)...
Waiting for task 68 (eval s5)...
Waiting for task 69 (eval s6)...
Waiting for task 70 (eval s7)...
Waiting for task 71 (eval s8)...
Waiting for task 72 (eval s9)...
Waiting for task 73 (eval s10)...
Waiting for task 74 (eval s11)...
Waiting for task 75 (eval s12)...
Waiting for task 76 (eval s13)...
Waiting for task 77 (eval s14)...
Waiting for task 78 (eval s15)...
Waiting for task 79 (eval s16)...
Waiting for task 80 (eval s17)...
Waiting for task 81 (eval s18)...
Waiting for task 82 (eval s19)...
Waiting for task 83 (eval s20)...
Waiting for task 84 (eval s21)...
Waiting for task 85 (eval s22)...
Waiting for task 86 (eval s23)...
Waiting for task 87 (eval s24)...
Waiting for task 88 (eval s25)...
Waiting for task 89 (eval s26)...
Waiting for task 90 (eval s27)...
Waiting for task 91 (eval s28)...
Waiting for task 92 (eval s29)...
Waiting for task 93 (eval s30)...
============================================================
MULTI-SEED RESULTS  (n = 30 seeds)
============================================================
  Baseline  val loss : 3.8478 ± 0.0117
  Self-play val loss : 3.8472 ± 0.0114
  Mean Δ (BL − SP)   : +0.0005 ± 0.0045
  Paired t-test      : t(29) = 0.653,  p = 0.5189
  Self-play wins     : 16 / 30 seeds

  NOT SIGNIFICANT (p = 0.519) — Self-play is better on average
============================================================
